// Jest Snapshot v1, https://goo.gl/fbAQLP

exports[`LoadingWrapper component should match default snapshot 1`] = `
<div>
  <div>
    Loading..
  </div>
</div>
`;
