// Jest Snapshot v1, https://goo.gl/fbAQLP

exports[`Toggle component should match default snapshot 1`] = `
<div>
  <div>
    OFF
  </div>
</div>
`;
