// Jest Snapshot v1, https://goo.gl/fbAQLP

exports[`ClickOutsideWrapper should match default snapshot 1`] = `
<div>
  <div />
</div>
`;
