// Jest Snapshot v1, https://goo.gl/fbAQLP

exports[`Modal component should match default snapshot 1`] = `
<div>
  <div>
    <div>
      <button>
        Open
      </button>
    </div>
  </div>
</div>
`;
